Archive member included to satisfy reference by file (symbol)

/usr/lib/gcc/avr/4.9.2/avr4/libgcc.a(_exit.o)
                              /usr/lib/gcc/avr/4.9.2/../../../avr/lib/avr4/crtatmega8.o (exit)
/usr/lib/gcc/avr/4.9.2/avr4/libgcc.a(_copy_data.o)
                              ./main.o (__do_copy_data)
/usr/lib/gcc/avr/4.9.2/avr4/libgcc.a(_clear_bss.o)
                              ./main.o (__do_clear_bss)
/usr/lib/gcc/avr/4.9.2/../../../avr/lib/avr4/libm.a(addsf3.o)
                              ./main.o (__subsf3)
/usr/lib/gcc/avr/4.9.2/../../../avr/lib/avr4/libm.a(addsf3x.o)
                              /usr/lib/gcc/avr/4.9.2/../../../avr/lib/avr4/libm.a(addsf3.o) (__addsf3x)
/usr/lib/gcc/avr/4.9.2/../../../avr/lib/avr4/libm.a(cmpsf2.o)
                              ./segment_display.o (__lesf2)
/usr/lib/gcc/avr/4.9.2/../../../avr/lib/avr4/libm.a(divsf3.o)
                              ./main.o (__divsf3)
/usr/lib/gcc/avr/4.9.2/../../../avr/lib/avr4/libm.a(divsf3x.o)
                              /usr/lib/gcc/avr/4.9.2/../../../avr/lib/avr4/libm.a(divsf3.o) (__divsf3x)
/usr/lib/gcc/avr/4.9.2/../../../avr/lib/avr4/libm.a(floatsisf.o)
                              ./main.o (__floatsisf)
/usr/lib/gcc/avr/4.9.2/../../../avr/lib/avr4/libm.a(fp_cmp.o)
                              /usr/lib/gcc/avr/4.9.2/../../../avr/lib/avr4/libm.a(cmpsf2.o) (__fp_cmp)
/usr/lib/gcc/avr/4.9.2/../../../avr/lib/avr4/libm.a(fp_inf.o)
                              /usr/lib/gcc/avr/4.9.2/../../../avr/lib/avr4/libm.a(addsf3x.o) (__fp_inf)
/usr/lib/gcc/avr/4.9.2/../../../avr/lib/avr4/libm.a(fp_nan.o)
                              /usr/lib/gcc/avr/4.9.2/../../../avr/lib/avr4/libm.a(addsf3x.o) (__fp_nan)
/usr/lib/gcc/avr/4.9.2/../../../avr/lib/avr4/libm.a(fp_pscA.o)
                              /usr/lib/gcc/avr/4.9.2/../../../avr/lib/avr4/libm.a(addsf3x.o) (__fp_pscA)
/usr/lib/gcc/avr/4.9.2/../../../avr/lib/avr4/libm.a(fp_pscB.o)
                              /usr/lib/gcc/avr/4.9.2/../../../avr/lib/avr4/libm.a(addsf3x.o) (__fp_pscB)
/usr/lib/gcc/avr/4.9.2/../../../avr/lib/avr4/libm.a(fp_round.o)
                              /usr/lib/gcc/avr/4.9.2/../../../avr/lib/avr4/libm.a(addsf3.o) (__fp_round)
/usr/lib/gcc/avr/4.9.2/../../../avr/lib/avr4/libm.a(fp_split3.o)
                              /usr/lib/gcc/avr/4.9.2/../../../avr/lib/avr4/libm.a(addsf3x.o) (__fp_split3)
/usr/lib/gcc/avr/4.9.2/../../../avr/lib/avr4/libm.a(fp_zero.o)
                              /usr/lib/gcc/avr/4.9.2/../../../avr/lib/avr4/libm.a(addsf3x.o) (__fp_zero)
/usr/lib/gcc/avr/4.9.2/../../../avr/lib/avr4/libm.a(gesf2.o)
                              ./segment_display.o (__gesf2)
/usr/lib/gcc/avr/4.9.2/../../../avr/lib/avr4/libm.a(mulsf3.o)
                              ./main.o (__mulsf3)
/usr/lib/gcc/avr/4.9.2/../../../avr/lib/avr4/libm.a(mulsf3x.o)
                              /usr/lib/gcc/avr/4.9.2/../../../avr/lib/avr4/libm.a(mulsf3.o) (__mulsf3x)
/usr/lib/gcc/avr/4.9.2/../../../avr/lib/avr4/libc.a(dtostrf.o)
                              ./segment_display.o (dtostrf)
/usr/lib/gcc/avr/4.9.2/../../../avr/lib/avr4/libc.a(dtoa_prf.o)
                              /usr/lib/gcc/avr/4.9.2/../../../avr/lib/avr4/libc.a(dtostrf.o) (dtoa_prf)
/usr/lib/gcc/avr/4.9.2/../../../avr/lib/avr4/libc.a(ftoa_engine.o)
                              /usr/lib/gcc/avr/4.9.2/../../../avr/lib/avr4/libc.a(dtoa_prf.o) (__ftoa_engine)

Allocating common symbols
Common symbol       size              file

_display_string     0x8               ./segment_display.o
adc_voltage_buffer  0x4               ./main.o
adc_current_buffer  0x4               ./main.o
adc_current         0x4               ./main.o
adc_voltage         0x4               ./main.o

Memory Configuration

Name             Origin             Length             Attributes
text             0x0000000000000000 0x0000000000002000 xr
data             0x0000000000800060 0x000000000000ffa0 rw !x
eeprom           0x0000000000810000 0x0000000000010000 rw !x
fuse             0x0000000000820000 0x0000000000000400 rw !x
lock             0x0000000000830000 0x0000000000000400 rw !x
signature        0x0000000000840000 0x0000000000000400 rw !x
user_signatures  0x0000000000850000 0x0000000000000400 rw !x
*default*        0x0000000000000000 0xffffffffffffffff

Linker script and memory map

LOAD /usr/lib/gcc/avr/4.9.2/../../../avr/lib/avr4/crtatmega8.o
LOAD ./main.o
LOAD ./main_movav.o
LOAD ./segment_display.o
START GROUP
LOAD /usr/lib/gcc/avr/4.9.2/avr4/libgcc.a
LOAD /usr/lib/gcc/avr/4.9.2/../../../avr/lib/avr4/libm.a
LOAD /usr/lib/gcc/avr/4.9.2/../../../avr/lib/avr4/libc.a
LOAD /usr/lib/gcc/avr/4.9.2/../../../avr/lib/avr4/libatmega8.a
END GROUP
                0x0000000000002000                __TEXT_REGION_LENGTH__ = DEFINED (__TEXT_REGION_LENGTH__)?__TEXT_REGION_LENGTH__:0x2000
                0x000000000000ffa0                __DATA_REGION_LENGTH__ = DEFINED (__DATA_REGION_LENGTH__)?__DATA_REGION_LENGTH__:0xffa0
                0x0000000000010000                __EEPROM_REGION_LENGTH__ = DEFINED (__EEPROM_REGION_LENGTH__)?__EEPROM_REGION_LENGTH__:0x10000
                0x0000000000000400                __FUSE_REGION_LENGTH__ = DEFINED (__FUSE_REGION_LENGTH__)?__FUSE_REGION_LENGTH__:0x400
                0x0000000000000400                __LOCK_REGION_LENGTH__ = DEFINED (__LOCK_REGION_LENGTH__)?__LOCK_REGION_LENGTH__:0x400
                0x0000000000000400                __SIGNATURE_REGION_LENGTH__ = DEFINED (__SIGNATURE_REGION_LENGTH__)?__SIGNATURE_REGION_LENGTH__:0x400
                0x0000000000000400                __USER_SIGNATURE_REGION_LENGTH__ = DEFINED (__USER_SIGNATURE_REGION_LENGTH__)?__USER_SIGNATURE_REGION_LENGTH__:0x400

.hash
 *(.hash)

.dynsym
 *(.dynsym)

.dynstr
 *(.dynstr)

.gnu.version
 *(.gnu.version)

.gnu.version_d
 *(.gnu.version_d)

.gnu.version_r
 *(.gnu.version_r)

.rel.init
 *(.rel.init)

.rela.init
 *(.rela.init)

.rel.text
 *(.rel.text)
 *(.rel.text.*)
 *(.rel.gnu.linkonce.t*)

.rela.text
 *(.rela.text)
 *(.rela.text.*)
 *(.rela.gnu.linkonce.t*)

.rel.fini
 *(.rel.fini)

.rela.fini
 *(.rela.fini)

.rel.rodata
 *(.rel.rodata)
 *(.rel.rodata.*)
 *(.rel.gnu.linkonce.r*)

.rela.rodata
 *(.rela.rodata)
 *(.rela.rodata.*)
 *(.rela.gnu.linkonce.r*)

.rel.data
 *(.rel.data)
 *(.rel.data.*)
 *(.rel.gnu.linkonce.d*)

.rela.data
 *(.rela.data)
 *(.rela.data.*)
 *(.rela.gnu.linkonce.d*)

.rel.ctors
 *(.rel.ctors)

.rela.ctors
 *(.rela.ctors)

.rel.dtors
 *(.rel.dtors)

.rela.dtors
 *(.rela.dtors)

.rel.got
 *(.rel.got)

.rela.got
 *(.rela.got)

.rel.bss
 *(.rel.bss)

.rela.bss
 *(.rela.bss)

.rel.plt
 *(.rel.plt)

.rela.plt
 *(.rela.plt)

.text           0x0000000000000000      0xfce
 *(.vectors)
 .vectors       0x0000000000000000       0x26 /usr/lib/gcc/avr/4.9.2/../../../avr/lib/avr4/crtatmega8.o
                0x0000000000000000                __vectors
                0x0000000000000000                __vector_default
 *(.vectors)
 *(.progmem.gcc*)
                0x0000000000000026                . = ALIGN (0x2)
                0x0000000000000026                __trampolines_start = .
 *(.trampolines)
 .trampolines   0x0000000000000026        0x0 linker stubs
 *(.trampolines*)
                0x0000000000000026                __trampolines_end = .
 *libprintf_flt.a:*(.progmem.data)
 *libc.a:*(.progmem.data)
 .progmem.data  0x0000000000000026       0xfa /usr/lib/gcc/avr/4.9.2/../../../avr/lib/avr4/libc.a(ftoa_engine.o)
 *(.progmem*)
                0x0000000000000120                . = ALIGN (0x2)
 *(.jumptables)
 *(.jumptables*)
 *(.lowtext)
 *(.lowtext*)
                0x0000000000000120                __ctors_start = .
 *(.ctors)
                0x0000000000000120                __ctors_end = .
                0x0000000000000120                __dtors_start = .
 *(.dtors)
                0x0000000000000120                __dtors_end = .
 SORT(*)(.ctors)
 SORT(*)(.dtors)
 *(.init0)
 .init0         0x0000000000000120        0x0 /usr/lib/gcc/avr/4.9.2/../../../avr/lib/avr4/crtatmega8.o
                0x0000000000000120                __init
 *(.init0)
 *(.init1)
 *(.init1)
 *(.init2)
 .init2         0x0000000000000120        0xc /usr/lib/gcc/avr/4.9.2/../../../avr/lib/avr4/crtatmega8.o
 *(.init2)
 *(.init3)
 *(.init3)
 *(.init4)
 .init4         0x000000000000012c       0x16 /usr/lib/gcc/avr/4.9.2/avr4/libgcc.a(_copy_data.o)
                0x000000000000012c                __do_copy_data
 .init4         0x0000000000000142       0x10 /usr/lib/gcc/avr/4.9.2/avr4/libgcc.a(_clear_bss.o)
                0x0000000000000142                __do_clear_bss
 *(.init4)
 *(.init5)
 *(.init5)
 *(.init6)
 *(.init6)
 *(.init7)
 *(.init7)
 *(.init8)
 *(.init8)
 *(.init9)
 .init9         0x0000000000000152        0x4 /usr/lib/gcc/avr/4.9.2/../../../avr/lib/avr4/crtatmega8.o
 *(.init9)
 *(.text)
 .text          0x0000000000000156        0x2 /usr/lib/gcc/avr/4.9.2/../../../avr/lib/avr4/crtatmega8.o
                0x0000000000000156                __vector_1
                0x0000000000000156                __vector_12
                0x0000000000000156                __bad_interrupt
                0x0000000000000156                __vector_6
                0x0000000000000156                __vector_3
                0x0000000000000156                __vector_11
                0x0000000000000156                __vector_13
                0x0000000000000156                __vector_17
                0x0000000000000156                __vector_7
                0x0000000000000156                __vector_5
                0x0000000000000156                __vector_4
                0x0000000000000156                __vector_2
                0x0000000000000156                __vector_15
                0x0000000000000156                __vector_8
                0x0000000000000156                __vector_10
                0x0000000000000156                __vector_16
                0x0000000000000156                __vector_18
 .text          0x0000000000000158        0x0 ./main.o
 .text          0x0000000000000158        0x0 ./main_movav.o
 .text          0x0000000000000158        0x0 ./segment_display.o
 .text          0x0000000000000158        0x0 /usr/lib/gcc/avr/4.9.2/avr4/libgcc.a(_exit.o)
 .text          0x0000000000000158        0x0 /usr/lib/gcc/avr/4.9.2/avr4/libgcc.a(_copy_data.o)
 .text          0x0000000000000158        0x0 /usr/lib/gcc/avr/4.9.2/avr4/libgcc.a(_clear_bss.o)
 .text          0x0000000000000158        0x0 /usr/lib/gcc/avr/4.9.2/../../../avr/lib/avr4/libm.a(addsf3.o)
 .text          0x0000000000000158        0x0 /usr/lib/gcc/avr/4.9.2/../../../avr/lib/avr4/libm.a(addsf3x.o)
 .text          0x0000000000000158        0x0 /usr/lib/gcc/avr/4.9.2/../../../avr/lib/avr4/libm.a(cmpsf2.o)
 .text          0x0000000000000158        0x0 /usr/lib/gcc/avr/4.9.2/../../../avr/lib/avr4/libm.a(divsf3.o)
 .text          0x0000000000000158        0x0 /usr/lib/gcc/avr/4.9.2/../../../avr/lib/avr4/libm.a(divsf3x.o)
 .text          0x0000000000000158        0x0 /usr/lib/gcc/avr/4.9.2/../../../avr/lib/avr4/libm.a(floatsisf.o)
 .text          0x0000000000000158        0x0 /usr/lib/gcc/avr/4.9.2/../../../avr/lib/avr4/libm.a(fp_cmp.o)
 .text          0x0000000000000158        0x0 /usr/lib/gcc/avr/4.9.2/../../../avr/lib/avr4/libm.a(fp_inf.o)
 .text          0x0000000000000158        0x0 /usr/lib/gcc/avr/4.9.2/../../../avr/lib/avr4/libm.a(fp_nan.o)
 .text          0x0000000000000158        0x0 /usr/lib/gcc/avr/4.9.2/../../../avr/lib/avr4/libm.a(fp_pscA.o)
 .text          0x0000000000000158        0x0 /usr/lib/gcc/avr/4.9.2/../../../avr/lib/avr4/libm.a(fp_pscB.o)
 .text          0x0000000000000158        0x0 /usr/lib/gcc/avr/4.9.2/../../../avr/lib/avr4/libm.a(fp_round.o)
 .text          0x0000000000000158        0x0 /usr/lib/gcc/avr/4.9.2/../../../avr/lib/avr4/libm.a(fp_split3.o)
 .text          0x0000000000000158        0x0 /usr/lib/gcc/avr/4.9.2/../../../avr/lib/avr4/libm.a(fp_zero.o)
 .text          0x0000000000000158        0x0 /usr/lib/gcc/avr/4.9.2/../../../avr/lib/avr4/libm.a(gesf2.o)
 .text          0x0000000000000158        0x0 /usr/lib/gcc/avr/4.9.2/../../../avr/lib/avr4/libm.a(mulsf3.o)
 .text          0x0000000000000158        0x0 /usr/lib/gcc/avr/4.9.2/../../../avr/lib/avr4/libm.a(mulsf3x.o)
 .text          0x0000000000000158        0x0 /usr/lib/gcc/avr/4.9.2/../../../avr/lib/avr4/libc.a(dtostrf.o)
 .text          0x0000000000000158        0x0 /usr/lib/gcc/avr/4.9.2/../../../avr/lib/avr4/libc.a(dtoa_prf.o)
 .text          0x0000000000000158        0x0 /usr/lib/gcc/avr/4.9.2/../../../avr/lib/avr4/libc.a(ftoa_engine.o)
                0x0000000000000158                . = ALIGN (0x2)
 *(.text.*)
 .text.beginAdcOperation
                0x0000000000000158       0x1e ./main.o
                0x0000000000000158                beginAdcOperation
 .text.setAdcAdmux
                0x0000000000000176        0xe ./main.o
                0x0000000000000176                setAdcAdmux
 .text.__vector_14
                0x0000000000000184      0x18c ./main.o
                0x0000000000000184                __vector_14
 .text.startup.main
                0x0000000000000310      0x1f2 ./main.o
                0x0000000000000310                main
 .text.initIO   0x0000000000000502       0x22 ./segment_display.o
                0x0000000000000502                initIO
 .text.initTimer
                0x0000000000000524        0xa ./segment_display.o
                0x0000000000000524                initTimer
 .text.floatToStr
                0x000000000000052e       0xf2 ./segment_display.o
                0x000000000000052e                floatToStr
 .text.displayValues
                0x0000000000000620       0x28 ./segment_display.o
                0x0000000000000620                displayValues
 .text.segmentDisplayInit
                0x0000000000000648       0x18 ./segment_display.o
                0x0000000000000648                segmentDisplayInit
 .text.outputSegments
                0x0000000000000660       0x2c ./segment_display.o
                0x0000000000000660                outputSegments
 .text.__vector_9
                0x000000000000068c       0x62 ./segment_display.o
                0x000000000000068c                __vector_9
 .text.libgcc.mul
                0x00000000000006ee        0x0 /usr/lib/gcc/avr/4.9.2/avr4/libgcc.a(_exit.o)
 .text.libgcc.div
                0x00000000000006ee        0x0 /usr/lib/gcc/avr/4.9.2/avr4/libgcc.a(_exit.o)
 .text.libgcc   0x00000000000006ee        0x0 /usr/lib/gcc/avr/4.9.2/avr4/libgcc.a(_exit.o)
 .text.libgcc.prologue
                0x00000000000006ee        0x0 /usr/lib/gcc/avr/4.9.2/avr4/libgcc.a(_exit.o)
 .text.libgcc.builtins
                0x00000000000006ee        0x0 /usr/lib/gcc/avr/4.9.2/avr4/libgcc.a(_exit.o)
 .text.libgcc.fmul
                0x00000000000006ee        0x0 /usr/lib/gcc/avr/4.9.2/avr4/libgcc.a(_exit.o)
 .text.libgcc.fixed
                0x00000000000006ee        0x0 /usr/lib/gcc/avr/4.9.2/avr4/libgcc.a(_exit.o)
 .text.libgcc.mul
                0x00000000000006ee        0x0 /usr/lib/gcc/avr/4.9.2/avr4/libgcc.a(_copy_data.o)
 .text.libgcc.div
                0x00000000000006ee        0x0 /usr/lib/gcc/avr/4.9.2/avr4/libgcc.a(_copy_data.o)
 .text.libgcc   0x00000000000006ee        0x0 /usr/lib/gcc/avr/4.9.2/avr4/libgcc.a(_copy_data.o)
 .text.libgcc.prologue
                0x00000000000006ee        0x0 /usr/lib/gcc/avr/4.9.2/avr4/libgcc.a(_copy_data.o)
 .text.libgcc.builtins
                0x00000000000006ee        0x0 /usr/lib/gcc/avr/4.9.2/avr4/libgcc.a(_copy_data.o)
 .text.libgcc.fmul
                0x00000000000006ee        0x0 /usr/lib/gcc/avr/4.9.2/avr4/libgcc.a(_copy_data.o)
 .text.libgcc.fixed
                0x00000000000006ee        0x0 /usr/lib/gcc/avr/4.9.2/avr4/libgcc.a(_copy_data.o)
 .text.libgcc.mul
                0x00000000000006ee        0x0 /usr/lib/gcc/avr/4.9.2/avr4/libgcc.a(_clear_bss.o)
 .text.libgcc.div
                0x00000000000006ee        0x0 /usr/lib/gcc/avr/4.9.2/avr4/libgcc.a(_clear_bss.o)
 .text.libgcc   0x00000000000006ee        0x0 /usr/lib/gcc/avr/4.9.2/avr4/libgcc.a(_clear_bss.o)
 .text.libgcc.prologue
                0x00000000000006ee        0x0 /usr/lib/gcc/avr/4.9.2/avr4/libgcc.a(_clear_bss.o)
 .text.libgcc.builtins
                0x00000000000006ee        0x0 /usr/lib/gcc/avr/4.9.2/avr4/libgcc.a(_clear_bss.o)
 .text.libgcc.fmul
                0x00000000000006ee        0x0 /usr/lib/gcc/avr/4.9.2/avr4/libgcc.a(_clear_bss.o)
 .text.libgcc.fixed
                0x00000000000006ee        0x0 /usr/lib/gcc/avr/4.9.2/avr4/libgcc.a(_clear_bss.o)
 .text.avr-libc.fplib
                0x00000000000006ee        0xa /usr/lib/gcc/avr/4.9.2/../../../avr/lib/avr4/libm.a(addsf3.o)
                0x00000000000006ee                __subsf3
                0x00000000000006f0                __addsf3
 .text.avr-libc.fplib
                0x00000000000006f8       0xc0 /usr/lib/gcc/avr/4.9.2/../../../avr/lib/avr4/libm.a(addsf3x.o)
                0x0000000000000712                __addsf3x
 .text.avr-libc.fplib
                0x00000000000007b8        0x8 /usr/lib/gcc/avr/4.9.2/../../../avr/lib/avr4/libm.a(cmpsf2.o)
                0x00000000000007b8                __lesf2
                0x00000000000007b8                __nesf2
                0x00000000000007b8                __eqsf2
                0x00000000000007b8                __cmpsf2
                0x00000000000007b8                __ltsf2
 .text.avr-libc.fplib
                0x00000000000007c0        0x4 /usr/lib/gcc/avr/4.9.2/../../../avr/lib/avr4/libm.a(divsf3.o)
                0x00000000000007c0                __divsf3
 .text.avr-libc.fplib
                0x00000000000007c4       0xcc /usr/lib/gcc/avr/4.9.2/../../../avr/lib/avr4/libm.a(divsf3x.o)
                0x00000000000007da                __divsf3x
                0x00000000000007de                __divsf3_pse
 .text.avr-libc.fplib
                0x0000000000000890       0x7a /usr/lib/gcc/avr/4.9.2/../../../avr/lib/avr4/libm.a(floatsisf.o)
                0x0000000000000890                __floatunsisf
                0x0000000000000894                __floatsisf
 .text.avr-libc.fplib
                0x000000000000090a       0x48 /usr/lib/gcc/avr/4.9.2/../../../avr/lib/avr4/libm.a(fp_cmp.o)
                0x000000000000090a                __fp_cmp
 .text.avr-libc.fplib
                0x0000000000000952        0xc /usr/lib/gcc/avr/4.9.2/../../../avr/lib/avr4/libm.a(fp_inf.o)
                0x0000000000000952                __fp_inf
 .text.avr-libc.fplib
                0x000000000000095e        0x6 /usr/lib/gcc/avr/4.9.2/../../../avr/lib/avr4/libm.a(fp_nan.o)
                0x000000000000095e                __fp_nan
 .text.avr-libc.fplib
                0x0000000000000964        0xe /usr/lib/gcc/avr/4.9.2/../../../avr/lib/avr4/libm.a(fp_pscA.o)
                0x0000000000000964                __fp_pscA
 .text.avr-libc.fplib
                0x0000000000000972        0xe /usr/lib/gcc/avr/4.9.2/../../../avr/lib/avr4/libm.a(fp_pscB.o)
                0x0000000000000972                __fp_pscB
 .text.avr-libc.fplib
                0x0000000000000980       0x22 /usr/lib/gcc/avr/4.9.2/../../../avr/lib/avr4/libm.a(fp_round.o)
                0x0000000000000980                __fp_round
 .text.avr-libc.fplib
                0x00000000000009a2       0x44 /usr/lib/gcc/avr/4.9.2/../../../avr/lib/avr4/libm.a(fp_split3.o)
                0x00000000000009a2                __fp_split3
                0x00000000000009b2                __fp_splitA
 .text.avr-libc.fplib
                0x00000000000009e6        0xe /usr/lib/gcc/avr/4.9.2/../../../avr/lib/avr4/libm.a(fp_zero.o)
                0x00000000000009e6                __fp_zero
                0x00000000000009e8                __fp_szero
 .text.avr-libc.fplib
                0x00000000000009f4        0x8 /usr/lib/gcc/avr/4.9.2/../../../avr/lib/avr4/libm.a(gesf2.o)
                0x00000000000009f4                __gtsf2
                0x00000000000009f4                __gesf2
 .text.avr-libc.fplib
                0x00000000000009fc        0x4 /usr/lib/gcc/avr/4.9.2/../../../avr/lib/avr4/libm.a(mulsf3.o)
                0x00000000000009fc                __mulsf3
 .text.avr-libc.fplib
                0x0000000000000a00       0xc2 /usr/lib/gcc/avr/4.9.2/../../../avr/lib/avr4/libm.a(mulsf3x.o)
                0x0000000000000a14                __mulsf3x
                0x0000000000000a18                __mulsf3_pse
 .text.avr-libc
                0x0000000000000ac2       0x3e /usr/lib/gcc/avr/4.9.2/../../../avr/lib/avr4/libc.a(dtostrf.o)
                0x0000000000000ac2                dtostrf
 .text.avr-libc
                0x0000000000000b00      0x31a /usr/lib/gcc/avr/4.9.2/../../../avr/lib/avr4/libc.a(dtoa_prf.o)
                0x0000000000000b00                dtoa_prf
 .text.avr-libc
                0x0000000000000e1a      0x1b0 /usr/lib/gcc/avr/4.9.2/../../../avr/lib/avr4/libc.a(ftoa_engine.o)
                0x0000000000000e1a                __ftoa_engine
                0x0000000000000fca                . = ALIGN (0x2)
 *(.fini9)
 .fini9         0x0000000000000fca        0x0 /usr/lib/gcc/avr/4.9.2/avr4/libgcc.a(_exit.o)
                0x0000000000000fca                exit
                0x0000000000000fca                _exit
 *(.fini9)
 *(.fini8)
 *(.fini8)
 *(.fini7)
 *(.fini7)
 *(.fini6)
 *(.fini6)
 *(.fini5)
 *(.fini5)
 *(.fini4)
 *(.fini4)
 *(.fini3)
 *(.fini3)
 *(.fini2)
 *(.fini2)
 *(.fini1)
 *(.fini1)
 *(.fini0)
 .fini0         0x0000000000000fca        0x4 /usr/lib/gcc/avr/4.9.2/avr4/libgcc.a(_exit.o)
 *(.fini0)
                0x0000000000000fce                _etext = .

.data           0x0000000000800060        0xe load address 0x0000000000000fce
                0x0000000000800060                PROVIDE (__data_start, .)
 *(.data)
 .data          0x0000000000800060        0x0 /usr/lib/gcc/avr/4.9.2/../../../avr/lib/avr4/crtatmega8.o
 .data          0x0000000000800060        0x0 ./main.o
 .data          0x0000000000800060        0x0 ./main_movav.o
 .data          0x0000000000800060        0x0 ./segment_display.o
 .data          0x0000000000800060        0x0 /usr/lib/gcc/avr/4.9.2/avr4/libgcc.a(_exit.o)
 .data          0x0000000000800060        0x0 /usr/lib/gcc/avr/4.9.2/avr4/libgcc.a(_copy_data.o)
 .data          0x0000000000800060        0x0 /usr/lib/gcc/avr/4.9.2/avr4/libgcc.a(_clear_bss.o)
 .data          0x0000000000800060        0x0 /usr/lib/gcc/avr/4.9.2/../../../avr/lib/avr4/libm.a(addsf3.o)
 .data          0x0000000000800060        0x0 /usr/lib/gcc/avr/4.9.2/../../../avr/lib/avr4/libm.a(addsf3x.o)
 .data          0x0000000000800060        0x0 /usr/lib/gcc/avr/4.9.2/../../../avr/lib/avr4/libm.a(cmpsf2.o)
 .data          0x0000000000800060        0x0 /usr/lib/gcc/avr/4.9.2/../../../avr/lib/avr4/libm.a(divsf3.o)
 .data          0x0000000000800060        0x0 /usr/lib/gcc/avr/4.9.2/../../../avr/lib/avr4/libm.a(divsf3x.o)
 .data          0x0000000000800060        0x0 /usr/lib/gcc/avr/4.9.2/../../../avr/lib/avr4/libm.a(floatsisf.o)
 .data          0x0000000000800060        0x0 /usr/lib/gcc/avr/4.9.2/../../../avr/lib/avr4/libm.a(fp_cmp.o)
 .data          0x0000000000800060        0x0 /usr/lib/gcc/avr/4.9.2/../../../avr/lib/avr4/libm.a(fp_inf.o)
 .data          0x0000000000800060        0x0 /usr/lib/gcc/avr/4.9.2/../../../avr/lib/avr4/libm.a(fp_nan.o)
 .data          0x0000000000800060        0x0 /usr/lib/gcc/avr/4.9.2/../../../avr/lib/avr4/libm.a(fp_pscA.o)
 .data          0x0000000000800060        0x0 /usr/lib/gcc/avr/4.9.2/../../../avr/lib/avr4/libm.a(fp_pscB.o)
 .data          0x0000000000800060        0x0 /usr/lib/gcc/avr/4.9.2/../../../avr/lib/avr4/libm.a(fp_round.o)
 .data          0x0000000000800060        0x0 /usr/lib/gcc/avr/4.9.2/../../../avr/lib/avr4/libm.a(fp_split3.o)
 .data          0x0000000000800060        0x0 /usr/lib/gcc/avr/4.9.2/../../../avr/lib/avr4/libm.a(fp_zero.o)
 .data          0x0000000000800060        0x0 /usr/lib/gcc/avr/4.9.2/../../../avr/lib/avr4/libm.a(gesf2.o)
 .data          0x0000000000800060        0x0 /usr/lib/gcc/avr/4.9.2/../../../avr/lib/avr4/libm.a(mulsf3.o)
 .data          0x0000000000800060        0x0 /usr/lib/gcc/avr/4.9.2/../../../avr/lib/avr4/libm.a(mulsf3x.o)
 .data          0x0000000000800060        0x0 /usr/lib/gcc/avr/4.9.2/../../../avr/lib/avr4/libc.a(dtostrf.o)
 .data          0x0000000000800060        0x0 /usr/lib/gcc/avr/4.9.2/../../../avr/lib/avr4/libc.a(dtoa_prf.o)
 .data          0x0000000000800060        0x0 /usr/lib/gcc/avr/4.9.2/../../../avr/lib/avr4/libc.a(ftoa_engine.o)
 *(.data*)
 .data.adc_mux  0x0000000000800060        0x3 ./main.o
                0x0000000000800060                adc_mux
 .data._char_map
                0x0000000000800063        0xa ./segment_display.o
                0x0000000000800063                _char_map
 *(.rodata)
 *(.rodata*)
 *(.gnu.linkonce.d*)
                0x000000000080006e                . = ALIGN (0x2)
 *fill*         0x000000000080006d        0x1 
                0x000000000080006e                _edata = .
                0x000000000080006e                PROVIDE (__data_end, .)

.bss            0x000000000080006e       0x1d
                0x000000000080006e                PROVIDE (__bss_start, .)
 *(.bss)
 .bss           0x000000000080006e        0x0 /usr/lib/gcc/avr/4.9.2/../../../avr/lib/avr4/crtatmega8.o
 .bss           0x000000000080006e        0x0 ./main.o
 .bss           0x000000000080006e        0x0 ./main_movav.o
 .bss           0x000000000080006e        0x0 ./segment_display.o
 .bss           0x000000000080006e        0x0 /usr/lib/gcc/avr/4.9.2/avr4/libgcc.a(_exit.o)
 .bss           0x000000000080006e        0x0 /usr/lib/gcc/avr/4.9.2/avr4/libgcc.a(_copy_data.o)
 .bss           0x000000000080006e        0x0 /usr/lib/gcc/avr/4.9.2/avr4/libgcc.a(_clear_bss.o)
 .bss           0x000000000080006e        0x0 /usr/lib/gcc/avr/4.9.2/../../../avr/lib/avr4/libm.a(addsf3.o)
 .bss           0x000000000080006e        0x0 /usr/lib/gcc/avr/4.9.2/../../../avr/lib/avr4/libm.a(addsf3x.o)
 .bss           0x000000000080006e        0x0 /usr/lib/gcc/avr/4.9.2/../../../avr/lib/avr4/libm.a(cmpsf2.o)
 .bss           0x000000000080006e        0x0 /usr/lib/gcc/avr/4.9.2/../../../avr/lib/avr4/libm.a(divsf3.o)
 .bss           0x000000000080006e        0x0 /usr/lib/gcc/avr/4.9.2/../../../avr/lib/avr4/libm.a(divsf3x.o)
 .bss           0x000000000080006e        0x0 /usr/lib/gcc/avr/4.9.2/../../../avr/lib/avr4/libm.a(floatsisf.o)
 .bss           0x000000000080006e        0x0 /usr/lib/gcc/avr/4.9.2/../../../avr/lib/avr4/libm.a(fp_cmp.o)
 .bss           0x000000000080006e        0x0 /usr/lib/gcc/avr/4.9.2/../../../avr/lib/avr4/libm.a(fp_inf.o)
 .bss           0x000000000080006e        0x0 /usr/lib/gcc/avr/4.9.2/../../../avr/lib/avr4/libm.a(fp_nan.o)
 .bss           0x000000000080006e        0x0 /usr/lib/gcc/avr/4.9.2/../../../avr/lib/avr4/libm.a(fp_pscA.o)
 .bss           0x000000000080006e        0x0 /usr/lib/gcc/avr/4.9.2/../../../avr/lib/avr4/libm.a(fp_pscB.o)
 .bss           0x000000000080006e        0x0 /usr/lib/gcc/avr/4.9.2/../../../avr/lib/avr4/libm.a(fp_round.o)
 .bss           0x000000000080006e        0x0 /usr/lib/gcc/avr/4.9.2/../../../avr/lib/avr4/libm.a(fp_split3.o)
 .bss           0x000000000080006e        0x0 /usr/lib/gcc/avr/4.9.2/../../../avr/lib/avr4/libm.a(fp_zero.o)
 .bss           0x000000000080006e        0x0 /usr/lib/gcc/avr/4.9.2/../../../avr/lib/avr4/libm.a(gesf2.o)
 .bss           0x000000000080006e        0x0 /usr/lib/gcc/avr/4.9.2/../../../avr/lib/avr4/libm.a(mulsf3.o)
 .bss           0x000000000080006e        0x0 /usr/lib/gcc/avr/4.9.2/../../../avr/lib/avr4/libm.a(mulsf3x.o)
 .bss           0x000000000080006e        0x0 /usr/lib/gcc/avr/4.9.2/../../../avr/lib/avr4/libc.a(dtostrf.o)
 .bss           0x000000000080006e        0x0 /usr/lib/gcc/avr/4.9.2/../../../avr/lib/avr4/libc.a(dtoa_prf.o)
 .bss           0x000000000080006e        0x0 /usr/lib/gcc/avr/4.9.2/../../../avr/lib/avr4/libc.a(ftoa_engine.o)
 *(.bss*)
 .bss.adc_refresh
                0x000000000080006e        0x1 ./main.o
                0x000000000080006e                adc_refresh
 .bss.adc_count
                0x000000000080006f        0x2 ./main.o
                0x000000000080006f                adc_count
 .bss.adc_flags
                0x0000000000800071        0x1 ./main.o
                0x0000000000800071                adc_flags
 .bss.digit.1705
                0x0000000000800072        0x1 ./segment_display.o
 *(COMMON)
 COMMON         0x0000000000800073       0x10 ./main.o
                0x0000000000800073                adc_voltage_buffer
                0x0000000000800077                adc_current_buffer
                0x000000000080007b                adc_current
                0x000000000080007f                adc_voltage
 COMMON         0x0000000000800083        0x8 ./segment_display.o
                0x0000000000800083                _display_string
                0x000000000080008b                PROVIDE (__bss_end, .)
                0x0000000000000fce                __data_load_start = LOADADDR (.data)
                0x0000000000000fdc                __data_load_end = (__data_load_start + SIZEOF (.data))

.noinit         0x000000000080008b        0x0
                [!provide]                        PROVIDE (__noinit_start, .)
 *(.noinit*)
                [!provide]                        PROVIDE (__noinit_end, .)
                0x000000000080008b                _end = .
                [!provide]                        PROVIDE (__heap_start, .)

.eeprom         0x0000000000810000        0x0
 *(.eeprom*)
                0x0000000000810000                __eeprom_end = .

.fuse
 *(.fuse)
 *(.lfuse)
 *(.hfuse)
 *(.efuse)

.lock
 *(.lock*)

.signature
 *(.signature*)

.user_signatures
 *(.user_signatures*)

.stab
 *(.stab)

.stabstr
 *(.stabstr)

.stab.excl
 *(.stab.excl)

.stab.exclstr
 *(.stab.exclstr)

.stab.index
 *(.stab.index)

.stab.indexstr
 *(.stab.indexstr)

.comment        0x0000000000000000       0x11
 *(.comment)
 .comment       0x0000000000000000       0x11 ./main.o
                                         0x12 (size before relaxing)
 .comment       0x0000000000000011       0x12 ./main_movav.o
 .comment       0x0000000000000011       0x12 ./segment_display.o
 .comment       0x0000000000000011       0x12 /usr/lib/gcc/avr/4.9.2/../../../avr/lib/avr4/libc.a(dtostrf.o)
 .comment       0x0000000000000011       0x12 /usr/lib/gcc/avr/4.9.2/../../../avr/lib/avr4/libc.a(dtoa_prf.o)

.note.gnu.avr.deviceinfo
                0x0000000000000000       0x3c
 .note.gnu.avr.deviceinfo
                0x0000000000000000       0x3c /usr/lib/gcc/avr/4.9.2/../../../avr/lib/avr4/crtatmega8.o

.note.gnu.build-id
 *(.note.gnu.build-id)

.debug
 *(.debug)

.line
 *(.line)

.debug_srcinfo
 *(.debug_srcinfo)

.debug_sfnames
 *(.debug_sfnames)

.debug_aranges
 *(.debug_aranges)

.debug_pubnames
 *(.debug_pubnames)

.debug_info
 *(.debug_info .gnu.linkonce.wi.*)

.debug_abbrev
 *(.debug_abbrev)

.debug_line
 *(.debug_line .debug_line.* .debug_line_end)

.debug_frame
 *(.debug_frame)

.debug_str
 *(.debug_str)

.debug_loc
 *(.debug_loc)

.debug_macinfo
 *(.debug_macinfo)

.debug_weaknames
 *(.debug_weaknames)

.debug_funcnames
 *(.debug_funcnames)

.debug_typenames
 *(.debug_typenames)

.debug_varnames
 *(.debug_varnames)

.debug_pubtypes
 *(.debug_pubtypes)

.debug_ranges
 *(.debug_ranges)

.debug_macro
 *(.debug_macro)
OUTPUT(LabPSU_panel.elf elf32-avr)
LOAD linker stubs
